[13Sep2026 14:07:25.172] [main/INFO] [cpw.mods.modlauncher.Launcher/MODLAUNCHER]: ModLauncher running: args [--launchTarget, forgeclientdev, --version, 21.1.243, --assetIndex, 17, --assetsDir, C:\\Users\\Charlie\\.gradle\\caches\\neoformruntime\\assets, --gameDir, ., --fml.fmlVersion, 4.0.43, --fml.mcVersion, 1.21.1, --fml.neoForgeVersion, 21.1.243, --fml.neoFormVersion, 20240808.144430]
[13Sep2026 14:07:25.176] [main/INFO] [cpw.mods.modlauncher.Launcher/MODLAUNCHER]: JVM identified as Eclipse Adoptium OpenJDK 64-Bit Server VM 21.0.9+10-LTS
[13Sep2026 14:07:25.178] [main/INFO] [cpw.mods.modlauncher.Launcher/MODLAUNCHER]: ModLauncher 11.0.5+main.901c6ea8 starting: java version 21.0.9 by Eclipse Adoptium; OS Windows 10 arch amd64 version 10.0
[13Sep2026 14:07:25.304] [main/INFO] [net.neoforged.fml.loading.ImmediateWindowHandler/]: Loading ImmediateWindowProvider fmlearlywindow
[13Sep2026 14:07:25.447] [main/INFO] [EARLYDISPLAY/]: Trying GL version 4.6
[13Sep2026 14:07:25.545] [main/INFO] [EARLYDISPLAY/]: Requested GL version 4.6 got version 4.6
[13Sep2026 14:07:25.664] [main/INFO] [mixin/]: SpongePowered MIXIN Subsystem Version=0.8.7 Source=union:/C:/Users/Charlie/.gradle/caches/modules-2/files-2.1/net.fabricmc/sponge-mixin/0.15.2+mixin.0.8.7/2af2f021d8e02a0220dc27a7a72b4666d66d44ca/sponge-mixin-0.15.2+mixin.0.8.7.jar%23138!/ Service=ModLauncher Env=CLIENT
[13Sep2026 14:07:25.943] [pool-2-thread-1/INFO] [EARLYDISPLAY/]: GL info: Radeon RX 580 Series GL version 4.6.0 Core Profile Context 25.5.1.250226, ATI Technologies Inc.
[13Sep2026 14:07:26.219] [main/INFO] [net.neoforged.fml.loading.moddiscovery.locators.JarInJarDependencyLocator/]: Found 13 dependencies adding them to mods collection
[13Sep2026 14:07:26.221] [main/INFO] [net.neoforged.fml.loading.moddiscovery.ModDiscoverer/]: 
     Mod List:
		Name Version (Mod Id)

		Apollib 1.2.0 (apollib)
		Fractispheric 0.0.1 (fractispheric)
		Lithostitched 1.8.0+beta6 (lithostitched)
		Minecraft 1.21.1 (minecraft)
		MoreDensityFunctions 2.3.0 (moredensityfunctions)
		NeoForge 21.1.243 (neoforge)
		Regions Unexplored 0.6.2 (regions_unexplored)
		Structurify 2.0.35 (structurify)
		The Twilight Forest 4.8.3345 (twilightforest)
		YetAnotherConfigLib 3.8.2+1.21.1-neoforge (yet_another_config_lib_v3)
[13Sep2026 14:07:27.365] [main/INFO] [mixin/]: Compatibility level set to JAVA_17
[13Sep2026 14:07:27.367] [main/INFO] [mixin/]: Compatibility level set to JAVA_18
[13Sep2026 14:07:27.369] [main/INFO] [mixin/]: Compatibility level set to JAVA_21
[13Sep2026 14:07:27.390] [main/INFO] [cpw.mods.modlauncher.LaunchServiceHandler/MODLAUNCHER]: Launching target 'forgeclientdev' with arguments [--version, 21.1.243, --gameDir, ., --assetsDir, C:\Users\Charlie\.gradle\caches\neoformruntime\assets, --assetIndex, 17]
[13Sep2026 14:07:27.440] [main/WARN] [mixin/]: Reference map 'moredensityfunctions.refmap.json' for moredensityfunctions.mixins.json could not be read. If this is a development environment you can ignore this message
[13Sep2026 14:07:27.441] [main/WARN] [mixin/]: Reference map '${mod_id}.refmap.json' for regions_unexplored.mixins.json could not be read. If this is a development environment you can ignore this message
[13Sep2026 14:07:27.442] [main/WARN] [mixin/]: Reference map '${mod_id}.refmap.json' for regions_unexplored.neoforge.mixins.json could not be read. If this is a development environment you can ignore this message
[13Sep2026 14:07:27.443] [main/WARN] [mixin/]: Reference map 'yet_another_config_lib_v3.refmap.json' for yacl.mixins.json could not be read. If this is a development environment you can ignore this message
[13Sep2026 14:07:27.447] [main/WARN] [mixin/]: Reference map 'structurify.refmap.json' for structurify-common.mixins.json could not be read. If this is a development environment you can ignore this message
[13Sep2026 14:07:27.447] [main/WARN] [mixin/]: Reference map 'structurify.refmap.json' for structurify-neoforge.mixins.json could not be read. If this is a development environment you can ignore this message
[13Sep2026 14:07:27.881] [main/WARN] [mixin/]: Error loading class: org/jetbrains/annotations/ApiStatus$Internal (java.lang.ClassNotFoundException: org.jetbrains.annotations.ApiStatus$Internal)
[13Sep2026 14:07:27.907] [main/INFO] [MixinExtras|Service/]: Initializing MixinExtras via com.llamalad7.mixinextras.service.MixinExtrasServiceImpl(version=0.5.3).
[13Sep2026 14:07:29.479] [Datafixer Bootstrap/INFO] [com.mojang.datafixers.DataFixerBuilder/]: 229 Datafixer optimizations took 480 milliseconds
[13Sep2026 14:07:35.531] [main/WARN] [net.minecraft.commands.Commands/]: Ambiguity between arguments [teleport, location] and [teleport, destination] with inputs: [0.1 -0.5 .9, 0 0 0]
[13Sep2026 14:07:35.533] [main/WARN] [net.minecraft.commands.Commands/]: Ambiguity between arguments [teleport, location] and [teleport, targets] with inputs: [0.1 -0.5 .9, 0 0 0]
[13Sep2026 14:07:35.536] [main/WARN] [net.minecraft.commands.Commands/]: Ambiguity between arguments [teleport, destination] and [teleport, targets] with inputs: [Player, 0123, @e, dd12be42-52a9-4a91-a8a1-11c01849e498]
[13Sep2026 14:07:35.538] [main/WARN] [net.minecraft.commands.Commands/]: Ambiguity between arguments [teleport, targets] and [teleport, destination] with inputs: [Player, 0123, dd12be42-52a9-4a91-a8a1-11c01849e498]
[13Sep2026 14:07:35.539] [main/WARN] [net.minecraft.commands.Commands/]: Ambiguity between arguments [teleport, targets, location] and [teleport, targets, destination] with inputs: [0.1 -0.5 .9, 0 0 0]
[13Sep2026 14:07:35.657] [Render thread/WARN] [net.minecraft.server.packs.VanillaPackResourcesBuilder/]: Assets URL 'union:/C:/Users/Charlie/IdeaProjects/Fractispheric/build/moddev/artifacts/neoforge-21.1.243.jar%23189!/assets/.mcassetsroot' uses unexpected schema
[13Sep2026 14:07:35.657] [Render thread/WARN] [net.minecraft.server.packs.VanillaPackResourcesBuilder/]: Assets URL 'union:/C:/Users/Charlie/IdeaProjects/Fractispheric/build/moddev/artifacts/neoforge-21.1.243.jar%23189!/data/.mcassetsroot' uses unexpected schema
[13Sep2026 14:07:35.682] [Render thread/INFO] [com.mojang.authlib.yggdrasil.YggdrasilAuthenticationService/]: Environment: Environment[sessionHost=https://sessionserver.mojang.com, servicesHost=https://api.minecraftservices.com, name=PROD]
[13Sep2026 14:07:35.691] [Render thread/INFO] [net.minecraft.client.Minecraft/]: Setting user: Dev
[13Sep2026 14:07:35.825] [Render thread/INFO] [net.minecraft.client.Minecraft/]: Backend library: LWJGL version 3.3.3+5
[13Sep2026 14:07:36.489] [modloading-worker-0/INFO] [twilightforest.beanification.BeanContext/]: Starting Bean Context
[13Sep2026 14:07:36.505] [modloading-worker-0/INFO] [YetAnotherConfigLib/]: Deserializing YACLConfig from 'C:\Users\Charlie\IdeaProjects\Fractispheric\run\config\yacl.json5'
[13Sep2026 14:07:36.510] [modloading-worker-0/INFO] [net.neoforged.neoforge.common.NeoForgeMod/NEOFORGE-MOD]: NeoForge mod loading, version 21.1.243, for MC 1.21.1
[13Sep2026 14:07:36.863] [modloading-worker-0/INFO] [twilightforest.beanification.BeanContext/]: Bean Context loaded in 374 ms
[13Sep2026 14:07:42.520] [Render thread/INFO] [net.neoforged.neoforge.gametest.GameTestHooks/]: Enabled Gametest Namespaces: [fractispheric]
[13Sep2026 14:07:42.808] [Render thread/INFO] [net.minecraft.server.packs.resources.ReloadableResourceManager/]: Reloading ResourceManager: vanilla, mod_resources, mod/lithostitched, mod/apollib, mod/moredensityfunctions, mod/regions_unexplored, mod/twilightforest, mod/neoforge, mod/yet_another_config_lib_v3, mod/structurify, mod/fractispheric
[13Sep2026 14:07:42.821] [Worker-Main-1/INFO] [com.phlorish.fractispheric.Fractispheric/]: HELLO FROM COMMON SETUP
[13Sep2026 14:07:42.822] [Worker-Main-1/INFO] [com.phlorish.fractispheric.Fractispheric/]: DIRT BLOCK >> minecraft:dirt
[13Sep2026 14:07:42.822] [Worker-Main-1/INFO] [com.phlorish.fractispheric.Fractispheric/]: The magic number is... 42
[13Sep2026 14:07:42.822] [Worker-Main-1/INFO] [com.phlorish.fractispheric.Fractispheric/]: ITEM >> minecraft:iron_ingot
[13Sep2026 14:07:42.896] [Worker-Main-1/INFO] [net.minecraft.client.gui.font.providers.UnihexProvider/]: Found unifont_all_no_pua-15.1.05.hex, loading
[13Sep2026 14:07:42.897] [NeoForge Version Check/INFO] [net.neoforged.fml.VersionChecker/]: [twilightforest] Starting version check at https://gh.tamaized.com/TeamTwilight/twilightforest/update.json?m=1.21.1&l=NeoForge&v=21.1.243
[13Sep2026 14:07:43.145] [Worker-Main-10/INFO] [net.minecraft.client.gui.font.providers.UnihexProvider/]: Found unifont_jp_patch-15.1.05.hex, loading
[13Sep2026 14:07:43.244] [Worker-Main-11/INFO] [com.phlorish.fractispheric.Fractispheric/]: HELLO FROM CLIENT SETUP
[13Sep2026 14:07:43.245] [Worker-Main-11/INFO] [com.phlorish.fractispheric.Fractispheric/]: MINECRAFT NAME >> Dev
[13Sep2026 14:07:43.676] [NeoForge Version Check/INFO] [net.neoforged.fml.VersionChecker/]: [twilightforest] Found status: BETA Current: 4.8.3345 Target: null
[13Sep2026 14:07:44.452] [Worker-Main-2/WARN] [net.minecraft.client.resources.model.BlockStateModelLoader/]: Exception loading blockstate definition: 'fractispheric:blockstates/example_block.json' missing model for variant: 'fractispheric:example_block#'
[13Sep2026 14:07:44.456] [Worker-Main-2/WARN] [net.minecraft.client.resources.model.ModelBakery/]: Unable to load model: 'fractispheric:item/example_item' referenced from: fractispheric:item/example_item: java.io.FileNotFoundException: fractispheric:models/item/example_item.json
[13Sep2026 14:07:44.460] [Worker-Main-2/WARN] [net.minecraft.client.resources.model.ModelBakery/]: Unable to load model: 'fractispheric:item/example_block' referenced from: fractispheric:item/example_block: java.io.FileNotFoundException: fractispheric:models/item/example_block.json
[13Sep2026 14:07:45.802] [Render thread/ERROR] [net.minecraft.client.sounds.SoundManager/]: Missing subtitle translation{key='subtitles.block.generic.fall', args=[]} for sound event: regions_unexplored:block.tall_grass.fall
[13Sep2026 14:07:45.804] [Render thread/ERROR] [net.minecraft.client.sounds.SoundManager/]: Missing subtitle translation{key='subtitles.block.generic.fall', args=[]} for sound event: regions_unexplored:block.leaf_litter.fall
[13Sep2026 14:07:45.805] [Render thread/WARN] [net.minecraft.client.sounds.SoundEngine/]: Missing sound for event: minecraft:item.goat_horn.play
[13Sep2026 14:07:45.805] [Render thread/WARN] [net.minecraft.client.sounds.SoundEngine/]: Missing sound for event: minecraft:entity.goat.screaming.horn_break
[13Sep2026 14:07:45.896] [Render thread/INFO] [com.mojang.blaze3d.audio.Library/]: OpenAL initialized on device OpenAL Soft on Speakers (High Definition Audio Device)
[13Sep2026 14:07:45.897] [Render thread/INFO] [net.minecraft.client.sounds.SoundEngine/SOUNDS]: Sound engine started
[13Sep2026 14:07:46.026] [Render thread/INFO] [net.minecraft.client.renderer.texture.TextureAtlas/]: Created: 1024x1024x4 minecraft:textures/atlas/blocks.png-atlas
[13Sep2026 14:07:46.050] [Render thread/INFO] [net.minecraft.client.renderer.texture.TextureAtlas/]: Created: 512x512x4 minecraft:textures/atlas/signs.png-atlas
[13Sep2026 14:07:46.053] [Render thread/INFO] [net.minecraft.client.renderer.texture.TextureAtlas/]: Created: 512x512x4 minecraft:textures/atlas/shield_patterns.png-atlas
[13Sep2026 14:07:46.059] [Render thread/INFO] [net.minecraft.client.renderer.texture.TextureAtlas/]: Created: 512x512x4 minecraft:textures/atlas/banner_patterns.png-atlas
[13Sep2026 14:07:46.064] [Render thread/INFO] [net.minecraft.client.renderer.texture.TextureAtlas/]: Created: 2048x1024x4 minecraft:textures/atlas/armor_trims.png-atlas
[13Sep2026 14:07:46.075] [Render thread/INFO] [net.minecraft.client.renderer.texture.TextureAtlas/]: Created: 128x64x4 minecraft:textures/atlas/decorated_pot.png-atlas
[13Sep2026 14:07:46.076] [Render thread/INFO] [net.minecraft.client.renderer.texture.TextureAtlas/]: Created: 512x512x4 minecraft:textures/atlas/chest.png-atlas
[13Sep2026 14:07:46.076] [Render thread/INFO] [net.minecraft.client.renderer.texture.TextureAtlas/]: Created: 512x256x4 minecraft:textures/atlas/shulker_boxes.png-atlas
[13Sep2026 14:07:46.077] [Render thread/INFO] [net.minecraft.client.renderer.texture.TextureAtlas/]: Created: 512x256x4 minecraft:textures/atlas/beds.png-atlas
[13Sep2026 14:07:46.170] [Render thread/INFO] [net.minecraft.client.renderer.texture.TextureAtlas/]: Created: 512x256x0 minecraft:textures/atlas/particles.png-atlas
[13Sep2026 14:07:46.172] [Render thread/INFO] [net.minecraft.client.renderer.texture.TextureAtlas/]: Created: 512x256x0 minecraft:textures/atlas/paintings.png-atlas
[13Sep2026 14:07:46.172] [Render thread/INFO] [net.minecraft.client.renderer.texture.TextureAtlas/]: Created: 256x128x0 minecraft:textures/atlas/mob_effects.png-atlas
[13Sep2026 14:07:46.173] [Render thread/INFO] [net.minecraft.client.renderer.texture.TextureAtlas/]: Created: 64x64x0 minecraft:textures/atlas/map_decorations.png-atlas
[13Sep2026 14:07:46.173] [Render thread/INFO] [net.minecraft.client.renderer.texture.TextureAtlas/]: Created: 1024x512x0 minecraft:textures/atlas/gui.png-atlas
[13Sep2026 14:07:46.210] [Render thread/WARN] [net.minecraft.client.renderer.ShaderInstance/]: Shader rendertype_entity_translucent_emissive could not find sampler named Sampler2 in the specified shader program.
[13Sep2026 14:07:46.293] [Render thread/INFO] [net.minecraft.client.renderer.texture.TextureAtlas/]: Created: 512x512x0 twilightforest:textures/atlas/magic_paintings.png-atlas
[13Sep2026 14:07:46.300] [Render thread/INFO] [net.neoforged.neoforge.client.entity.animation.json.AnimationLoader/]: Loaded 0 entity animations
[13Sep2026 14:08:28.927] [Render thread/INFO] [net.minecraft.world.level.storage.LevelStorageSource/]: Deleting level New World
[13Sep2026 14:08:28.927] [Render thread/INFO] [net.minecraft.world.level.storage.LevelStorageSource/]: Attempt 1...
[13Sep2026 14:08:32.178] [Render thread/INFO] [net.minecraft.world.item.crafting.RecipeManager/]: Loaded 2452 recipes
[13Sep2026 14:08:32.426] [Render thread/INFO] [net.minecraft.advancements.AdvancementTree/]: Loaded 2582 advancements
[13Sep2026 14:08:36.394] [Render thread/INFO] [structurify/]: Loading Structurify config...
[13Sep2026 14:08:36.465] [Render thread/INFO] [structurify/]: Changed settings of 1 structures: [twilightforest:hollow_tree]
[13Sep2026 14:08:36.465] [Render thread/INFO] [structurify/]: Structurify config loaded
[13Sep2026 14:08:44.302] [Server thread/INFO] [net.minecraft.client.server.IntegratedServer/]: Starting integrated minecraft server version 1.21.1
[13Sep2026 14:08:44.302] [Server thread/INFO] [net.minecraft.server.MinecraftServer/]: Generating keypair
[13Sep2026 14:08:44.434] [Server thread/WARN] [net.neoforged.neoforge.server.ServerLifecycleHooks/]: Detected minecraft:ocelot that was registered with CREATURE mob category but was added under MONSTER mob category for regions_unexplored:eucalyptus_forest biome! Mobs should be added to biomes under the same mob category that the mob was registered as to prevent mob cap spawning issues.
[13Sep2026 14:08:44.447] [Server thread/WARN] [net.neoforged.neoforge.server.ServerLifecycleHooks/]: Detected minecraft:ocelot that was registered with CREATURE mob category but was added under MONSTER mob category for regions_unexplored:rainforest biome! Mobs should be added to biomes under the same mob category that the mob was registered as to prevent mob cap spawning issues.
[13Sep2026 14:08:44.451] [Server thread/WARN] [net.neoforged.neoforge.server.ServerLifecycleHooks/]: Detected minecraft:ocelot that was registered with CREATURE mob category but was added under MONSTER mob category for regions_unexplored:sparse_rainforest biome! Mobs should be added to biomes under the same mob category that the mob was registered as to prevent mob cap spawning issues.
[13Sep2026 14:08:44.454] [Server thread/WARN] [net.neoforged.neoforge.server.ServerLifecycleHooks/]: Detected minecraft:ocelot that was registered with CREATURE mob category but was added under MONSTER mob category for regions_unexplored:tropics biome! Mobs should be added to biomes under the same mob category that the mob was registered as to prevent mob cap spawning issues.
[13Sep2026 14:08:44.459] [Server thread/INFO] [structurify/]: Updating registries...
[13Sep2026 14:08:44.459] [Server thread/INFO] [structurify/]: Structure registries updated
[13Sep2026 14:08:44.460] [Server thread/INFO] [structurify/]: Structure Sets registries updated
[13Sep2026 14:08:44.461] [Server thread/INFO] [structurify/]: Structure Template Pools registries updated
[13Sep2026 14:08:44.461] [Server thread/INFO] [structurify/]: Registries updated
[13Sep2026 14:08:49.932] [Server thread/INFO] [net.minecraft.server.MinecraftServer/]: Preparing start region for dimension minecraft:overworld
[13Sep2026 14:08:49.971] [progressListener/INFO] [net.minecraft.server.level.progress.LoggerChunkProgressListener/]: Preparing spawn area: 2%
[13Sep2026 14:08:50.656] [progressListener/INFO] [net.minecraft.server.level.progress.LoggerChunkProgressListener/]: Preparing spawn area: 2%
[13Sep2026 14:08:50.990] [progressListener/INFO] [net.minecraft.server.level.progress.LoggerChunkProgressListener/]: Preparing spawn area: 2%
[13Sep2026 14:08:51.466] [progressListener/INFO] [net.minecraft.server.level.progress.LoggerChunkProgressListener/]: Preparing spawn area: 18%
[13Sep2026 14:08:51.963] [progressListener/INFO] [net.minecraft.server.level.progress.LoggerChunkProgressListener/]: Preparing spawn area: 18%
[13Sep2026 14:08:52.454] [progressListener/INFO] [net.minecraft.server.level.progress.LoggerChunkProgressListener/]: Preparing spawn area: 18%
[13Sep2026 14:08:52.965] [progressListener/INFO] [net.minecraft.server.level.progress.LoggerChunkProgressListener/]: Preparing spawn area: 51%
[13Sep2026 14:08:53.454] [progressListener/INFO] [net.minecraft.server.level.progress.LoggerChunkProgressListener/]: Preparing spawn area: 51%
[13Sep2026 14:08:53.954] [progressListener/INFO] [net.minecraft.server.level.progress.LoggerChunkProgressListener/]: Preparing spawn area: 67%
[13Sep2026 14:08:54.161] [Server thread/INFO] [net.neoforged.neoforge.server.permission.PermissionAPI/]: Successfully initialized permission handler neoforge:default_handler
[13Sep2026 14:08:54.162] [Server thread/INFO] [com.phlorish.fractispheric.Fractispheric/]: HELLO from server starting
[13Sep2026 14:08:54.167] [progressListener/INFO] [net.minecraft.server.level.progress.LoggerChunkProgressListener/]: Time elapsed: 4214 ms
[13Sep2026 14:08:54.186] [Server thread/INFO] [net.minecraft.client.server.IntegratedServer/]: Changing view distance to 32, from 10
[13Sep2026 14:08:54.186] [Server thread/INFO] [net.minecraft.client.server.IntegratedServer/]: Changing simulation distance to 12, from 0
[13Sep2026 14:08:54.936] [Server thread/INFO] [net.minecraft.server.players.PlayerList/]: Dev[local:E:0b6b12e2] logged in with entity id 1 at (0.5, 75.0, -6.5)
[13Sep2026 14:08:55.015] [Server thread/INFO] [net.minecraft.server.MinecraftServer/]: Dev joined the game
[13Sep2026 14:08:56.037] [Render thread/INFO] [net.minecraft.advancements.AdvancementTree/]: Loaded 2 advancements
[13Sep2026 14:08:56.092] [Render thread/INFO] [net.minecraft.advancements.AdvancementTree/]: Loaded 16 advancements
[13Sep2026 14:17:00.859] [Server thread/INFO] [net.minecraft.server.commands.LocateCommand/]: Locating element fracti:botania took 139 ms
[13Sep2026 14:17:00.865] [Render thread/INFO] [net.minecraft.client.gui.components.ChatComponent/]: [System] [CHAT] The nearest fracti:botania is at [-156, 51, -1154] (357 blocks away)
[13Sep2026 14:17:09.943] [Server thread/INFO] [net.minecraft.server.MinecraftServer/]: [Dev: Teleported Dev to -155.500000, 51.000000, -1153.500000]
[13Sep2026 14:17:09.951] [Render thread/INFO] [net.minecraft.client.gui.components.ChatComponent/]: [System] [CHAT] Teleported Dev to -155.500000, 51.000000, -1153.500000
[13Sep2026 14:17:23.419] [Server thread/INFO] [net.minecraft.client.server.IntegratedServer/]: Saving and pausing game...
[13Sep2026 14:17:23.437] [Server thread/INFO] [net.minecraft.server.MinecraftServer/]: Saving chunks for level 'ServerLevel[New World]'/minecraft:overworld
[13Sep2026 14:17:23.447] [Server thread/INFO] [net.minecraft.server.MinecraftServer/]: Saving chunks for level 'ServerLevel[New World]'/twilightforest:twilight_forest
[13Sep2026 14:17:23.448] [Server thread/INFO] [net.minecraft.server.MinecraftServer/]: Saving chunks for level 'ServerLevel[New World]'/minecraft:the_end
[13Sep2026 14:17:23.448] [Server thread/INFO] [net.minecraft.server.MinecraftServer/]: Saving chunks for level 'ServerLevel[New World]'/minecraft:the_nether
[13Sep2026 14:19:00.396] [Server thread/WARN] [net.minecraft.server.MinecraftServer/]: Can't keep up! Is the server overloaded? Running 2077ms or 41 ticks behind
[13Sep2026 14:19:15.305] [Server thread/INFO] [net.minecraft.client.server.IntegratedServer/]: Saving and pausing game...
[13Sep2026 14:19:15.315] [Server thread/INFO] [net.minecraft.server.MinecraftServer/]: Saving chunks for level 'ServerLevel[New World]'/minecraft:overworld
[13Sep2026 14:19:15.329] [Server thread/INFO] [net.minecraft.server.MinecraftServer/]: Saving chunks for level 'ServerLevel[New World]'/twilightforest:twilight_forest
[13Sep2026 14:19:15.330] [Server thread/INFO] [net.minecraft.server.MinecraftServer/]: Saving chunks for level 'ServerLevel[New World]'/minecraft:the_end
[13Sep2026 14:19:15.330] [Server thread/INFO] [net.minecraft.server.MinecraftServer/]: Saving chunks for level 'ServerLevel[New World]'/minecraft:the_nether
[13Sep2026 14:19:44.696] [Render thread/INFO] [com.mojang.blaze3d.platform.GlDebug/]: OpenGL debug message: id=1000, source=API, type=ERROR, severity=HIGH, message='glGetString has generated an error (GL_INVALID_ENUM)'
[13Sep2026 14:22:08.009] [Server thread/INFO] [net.minecraft.server.MinecraftServer/]: [Dev: Set the time to 1000]
[13Sep2026 14:22:08.015] [Render thread/INFO] [net.minecraft.client.gui.components.ChatComponent/]: [System] [CHAT] Set the time to 1000
[13Sep2026 14:25:14.488] [Render thread/INFO] [net.minecraft.advancements.AdvancementTree/]: Loaded 16 advancements
[13Sep2026 14:25:28.972] [Server thread/INFO] [net.minecraft.client.server.IntegratedServer/]: Saving and pausing game...
[13Sep2026 14:25:28.984] [Server thread/INFO] [net.minecraft.server.MinecraftServer/]: Saving chunks for level 'ServerLevel[New World]'/minecraft:overworld
[13Sep2026 14:25:28.990] [Server thread/INFO] [net.minecraft.server.MinecraftServer/]: Saving chunks for level 'ServerLevel[New World]'/twilightforest:twilight_forest
[13Sep2026 14:25:28.990] [Server thread/INFO] [net.minecraft.server.MinecraftServer/]: Saving chunks for level 'ServerLevel[New World]'/minecraft:the_end
[13Sep2026 14:25:28.991] [Server thread/INFO] [net.minecraft.server.MinecraftServer/]: Saving chunks for level 'ServerLevel[New World]'/minecraft:the_nether
[13Sep2026 14:25:29.939] [Server thread/INFO] [net.minecraft.server.network.ServerGamePacketListenerImpl/]: Dev lost connection: Disconnected
[13Sep2026 14:25:29.940] [Server thread/INFO] [net.minecraft.server.MinecraftServer/]: Dev left the game
[13Sep2026 14:25:29.951] [Server thread/INFO] [net.minecraft.server.network.ServerCommonPacketListenerImpl/]: Stopping singleplayer server as player logged out
[13Sep2026 14:25:29.973] [Server thread/INFO] [net.minecraft.server.MinecraftServer/]: Stopping server
[13Sep2026 14:25:29.973] [Server thread/INFO] [net.minecraft.server.MinecraftServer/]: Saving players
[13Sep2026 14:25:29.974] [Server thread/INFO] [net.minecraft.server.MinecraftServer/]: Saving worlds
[13Sep2026 14:25:31.011] [Server thread/INFO] [net.minecraft.server.MinecraftServer/]: Saving chunks for level 'ServerLevel[New World]'/minecraft:overworld
[13Sep2026 14:25:31.864] [Server thread/INFO] [net.minecraft.server.MinecraftServer/]: Saving chunks for level 'ServerLevel[New World]'/twilightforest:twilight_forest
[13Sep2026 14:25:31.867] [Server thread/INFO] [net.minecraft.server.MinecraftServer/]: Saving chunks for level 'ServerLevel[New World]'/minecraft:the_end
[13Sep2026 14:25:31.871] [Server thread/INFO] [net.minecraft.server.MinecraftServer/]: Saving chunks for level 'ServerLevel[New World]'/minecraft:the_nether
[13Sep2026 14:25:31.880] [Server thread/INFO] [net.minecraft.server.MinecraftServer/]: ThreadedAnvilChunkStorage (New World): All chunks are saved
[13Sep2026 14:25:31.880] [Server thread/INFO] [net.minecraft.server.MinecraftServer/]: ThreadedAnvilChunkStorage (twilight_forest): All chunks are saved
[13Sep2026 14:25:31.880] [Server thread/INFO] [net.minecraft.server.MinecraftServer/]: ThreadedAnvilChunkStorage (DIM1): All chunks are saved
[13Sep2026 14:25:31.880] [Server thread/INFO] [net.minecraft.server.MinecraftServer/]: ThreadedAnvilChunkStorage (DIM-1): All chunks are saved
[13Sep2026 14:25:31.880] [Server thread/INFO] [net.minecraft.server.MinecraftServer/]: ThreadedAnvilChunkStorage: All dimensions are saved
[13Sep2026 14:25:35.987] [Render thread/INFO] [net.minecraft.client.Minecraft/]: Stopping!
